Component: ARM Compiler 5.05 update 1 (build 106) Tool: armlink [4d0efa]

==============================================================================

Section Cross References

    startup_stm32g431xx.o(RESET) refers to startup_stm32g431xx.o(STACK) for __initial_sp
    startup_stm32g431xx.o(RESET) refers to startup_stm32g431xx.o(.text) for Reset_Handler
    startup_stm32g431xx.o(RESET) refers to stm32g4xx_it.o(i.NMI_Handler) for NMI_Handler
    startup_stm32g431xx.o(RESET) refers to stm32g4xx_it.o(i.HardFault_Handler) for HardFault_Handler
    startup_stm32g431xx.o(RESET) refers to stm32g4xx_it.o(i.MemManage_Handler) for MemManage_Handler
    startup_stm32g431xx.o(RESET) refers to stm32g4xx_it.o(i.BusFault_Handler) for BusFault_Handler
    startup_stm32g431xx.o(RESET) refers to stm32g4xx_it.o(i.UsageFault_Handler) for UsageFault_Handler
    startup_stm32g431xx.o(RESET) refers to stm32g4xx_it.o(i.SVC_Handler) for SVC_Handler
    startup_stm32g431xx.o(RESET) refers to stm32g4xx_it.o(i.DebugMon_Handler) for DebugMon_Handler
    startup_stm32g431xx.o(RESET) refers to stm32g4xx_it.o(i.PendSV_Handler) for PendSV_Handler
    startup_stm32g431xx.o(RESET) refers to stm32g4xx_it.o(i.SysTick_Handler) for SysTick_Handler
    startup_stm32g431xx.o(RESET) refers to stm32g4xx_it.o(i.ADC1_2_IRQHandler) for ADC1_2_IRQHandler
    startup_stm32g431xx.o(RESET) refers to stm32g4xx_it.o(i.TIM1_BRK_TIM15_IRQHandler) for TIM1_BRK_TIM15_IRQHandler
    startup_stm32g431xx.o(.text) refers to system_stm32g4xx.o(i.SystemInit) for SystemInit
    startup_stm32g431xx.o(.text) refers to entry.o(.ARM.Collect$$$$00000000) for __main
    main.o(i.Initialize_ADC) refers to main.o(i.LL_ADC_IsEnabled) for LL_ADC_IsEnabled
    main.o(i.Initialize_ADC) refers to system_stm32g4xx.o(.data) for SystemCoreClock
    main.o(i.SystemClock_Config) refers to main.o(i.LL_RCC_SetAHBPrescaler) for LL_RCC_SetAHBPrescaler
    main.o(i.SystemClock_Config) refers to stm32g4xx_ll_utils.o(i.LL_Init1msTick) for LL_Init1msTick
    main.o(i.SystemClock_Config) refers to stm32g4xx_ll_utils.o(i.LL_SetSystemCoreClock) for LL_SetSystemCoreClock
    main.o(i.main) refers to main.o(i.SystemClock_Config) for SystemClock_Config
    main.o(i.main) refers to gpio.o(i.MX_GPIO_Init) for MX_GPIO_Init
    main.o(i.main) refers to tim.o(i.MX_TIM1_Init) for MX_TIM1_Init
    main.o(i.main) refers to adc.o(i.MX_ADC1_Init) for MX_ADC1_Init
    main.o(i.main) refers to main.o(i.LL_TIM_EnableIT_BRK) for LL_TIM_EnableIT_BRK
    main.o(i.main) refers to main.o(i.Initialize_ADC) for Initialize_ADC
    main.o(i.main) refers to main.o(i.LL_ADC_IsEnabled) for LL_ADC_IsEnabled
    main.o(i.main) refers to main.o(i.LL_GPIO_ResetOutputPin) for LL_GPIO_ResetOutputPin
    main.o(i.main) refers to main.o(i.LL_GPIO_SetOutputPin) for LL_GPIO_SetOutputPin
    main.o(i.main) refers to main.o(i.LL_TIM_IsActiveFlag_BRK) for LL_TIM_IsActiveFlag_BRK
    main.o(i.main) refers to main.o(i.LL_TIM_IsEnabledIT_BRK) for LL_TIM_IsEnabledIT_BRK
    main.o(i.main) refers to main.o(.data) for g_gpio
    gpio.o(i.MX_GPIO_Init) refers to memseta.o(.text) for __aeabi_memclr4
    gpio.o(i.MX_GPIO_Init) refers to gpio.o(i.LL_AHB2_GRP1_EnableClock) for LL_AHB2_GRP1_EnableClock
    gpio.o(i.MX_GPIO_Init) refers to gpio.o(i.LL_GPIO_ResetOutputPin) for LL_GPIO_ResetOutputPin
    gpio.o(i.MX_GPIO_Init) refers to stm32g4xx_ll_gpio.o(i.LL_GPIO_Init) for LL_GPIO_Init
    adc.o(i.MX_ADC1_Init) refers to memseta.o(.text) for __aeabi_memclr4
    adc.o(i.MX_ADC1_Init) refers to adc.o(i.LL_AHB2_GRP1_EnableClock) for LL_AHB2_GRP1_EnableClock
    adc.o(i.MX_ADC1_Init) refers to stm32g4xx_ll_gpio.o(i.LL_GPIO_Init) for LL_GPIO_Init
    adc.o(i.MX_ADC1_Init) refers to stm32g4xx_ll_adc.o(i.LL_ADC_Init) for LL_ADC_Init
    adc.o(i.MX_ADC1_Init) refers to stm32g4xx_ll_adc.o(i.LL_ADC_REG_Init) for LL_ADC_REG_Init
    adc.o(i.MX_ADC1_Init) refers to stm32g4xx_ll_adc.o(i.LL_ADC_CommonInit) for LL_ADC_CommonInit
    tim.o(i.LL_TIM_OC_DisableFast) refers to tim.o(.constdata) for OFFSET_TAB_CCMRx
    tim.o(i.LL_TIM_OC_EnablePreload) refers to tim.o(.constdata) for OFFSET_TAB_CCMRx
    tim.o(i.MX_TIM1_Init) refers to memseta.o(.text) for __aeabi_memclr4
    tim.o(i.MX_TIM1_Init) refers to tim.o(i.LL_AHB2_GRP1_EnableClock) for LL_AHB2_GRP1_EnableClock
    tim.o(i.MX_TIM1_Init) refers to stm32g4xx_ll_gpio.o(i.LL_GPIO_Init) for LL_GPIO_Init
    tim.o(i.MX_TIM1_Init) refers to stm32g4xx_ll_tim.o(i.LL_TIM_Init) for LL_TIM_Init
    tim.o(i.MX_TIM1_Init) refers to tim.o(i.LL_TIM_OC_EnablePreload) for LL_TIM_OC_EnablePreload
    tim.o(i.MX_TIM1_Init) refers to stm32g4xx_ll_tim.o(i.LL_TIM_OC_Init) for LL_TIM_OC_Init
    tim.o(i.MX_TIM1_Init) refers to tim.o(i.LL_TIM_OC_DisableFast) for LL_TIM_OC_DisableFast
    tim.o(i.MX_TIM1_Init) refers to tim.o(i.LL_TIM_SetBreakInputSourcePolarity) for LL_TIM_SetBreakInputSourcePolarity
    tim.o(i.MX_TIM1_Init) refers to stm32g4xx_ll_tim.o(i.LL_TIM_BDTR_Init) for LL_TIM_BDTR_Init
    stm32g4xx_it.o(i.ADC1_2_IRQHandler) refers to stm32g4xx_it.o(i.LL_GPIO_ResetOutputPin) for LL_GPIO_ResetOutputPin
    stm32g4xx_it.o(i.TIM1_BRK_TIM15_IRQHandler) refers to stm32g4xx_it.o(i.LL_TIM_DisableIT_BRK) for LL_TIM_DisableIT_BRK
    stm32g4xx_ll_utils.o(i.LL_PLL_ConfigSystemClock_HSE) refers to stm32g4xx_ll_utils.o(i.UTILS_PLL_IsBusy) for UTILS_PLL_IsBusy
    stm32g4xx_ll_utils.o(i.LL_PLL_ConfigSystemClock_HSE) refers to stm32g4xx_ll_utils.o(i.UTILS_GetPLLOutputFrequency) for UTILS_GetPLLOutputFrequency
    stm32g4xx_ll_utils.o(i.LL_PLL_ConfigSystemClock_HSE) refers to stm32g4xx_ll_utils.o(i.LL_RCC_HSE_IsReady) for LL_RCC_HSE_IsReady
    stm32g4xx_ll_utils.o(i.LL_PLL_ConfigSystemClock_HSE) refers to stm32g4xx_ll_utils.o(i.LL_RCC_PLL_ConfigDomain_SYS) for LL_RCC_PLL_ConfigDomain_SYS
    stm32g4xx_ll_utils.o(i.LL_PLL_ConfigSystemClock_HSE) refers to stm32g4xx_ll_utils.o(i.UTILS_EnablePLLAndSwitchSystem) for UTILS_EnablePLLAndSwitchSystem
    stm32g4xx_ll_utils.o(i.LL_PLL_ConfigSystemClock_HSE) refers to stm32g4xx_ll_utils.o(i.LL_SetFlashLatency) for LL_SetFlashLatency
    stm32g4xx_ll_utils.o(i.LL_PLL_ConfigSystemClock_HSE) refers to stm32g4xx_ll_utils.o(i.LL_RCC_SetAHBPrescaler) for LL_RCC_SetAHBPrescaler
    stm32g4xx_ll_utils.o(i.LL_PLL_ConfigSystemClock_HSE) refers to stm32g4xx_ll_utils.o(i.LL_SetSystemCoreClock) for LL_SetSystemCoreClock
    stm32g4xx_ll_utils.o(i.LL_PLL_ConfigSystemClock_HSI) refers to stm32g4xx_ll_utils.o(i.UTILS_PLL_IsBusy) for UTILS_PLL_IsBusy
    stm32g4xx_ll_utils.o(i.LL_PLL_ConfigSystemClock_HSI) refers to stm32g4xx_ll_utils.o(i.UTILS_GetPLLOutputFrequency) for UTILS_GetPLLOutputFrequency
    stm32g4xx_ll_utils.o(i.LL_PLL_ConfigSystemClock_HSI) refers to stm32g4xx_ll_utils.o(i.LL_RCC_HSI_IsReady) for LL_RCC_HSI_IsReady
    stm32g4xx_ll_utils.o(i.LL_PLL_ConfigSystemClock_HSI) refers to stm32g4xx_ll_utils.o(i.LL_RCC_PLL_ConfigDomain_SYS) for LL_RCC_PLL_ConfigDomain_SYS
    stm32g4xx_ll_utils.o(i.LL_PLL_ConfigSystemClock_HSI) refers to stm32g4xx_ll_utils.o(i.UTILS_EnablePLLAndSwitchSystem) for UTILS_EnablePLLAndSwitchSystem
    stm32g4xx_ll_utils.o(i.LL_PLL_ConfigSystemClock_HSI) refers to stm32g4xx_ll_utils.o(i.LL_SetFlashLatency) for LL_SetFlashLatency
    stm32g4xx_ll_utils.o(i.LL_PLL_ConfigSystemClock_HSI) refers to stm32g4xx_ll_utils.o(i.LL_RCC_SetAHBPrescaler) for LL_RCC_SetAHBPrescaler
    stm32g4xx_ll_utils.o(i.LL_PLL_ConfigSystemClock_HSI) refers to stm32g4xx_ll_utils.o(i.LL_SetSystemCoreClock) for LL_SetSystemCoreClock
    stm32g4xx_ll_utils.o(i.LL_SetSystemCoreClock) refers to system_stm32g4xx.o(.data) for SystemCoreClock
    stm32g4xx_ll_utils.o(i.UTILS_EnablePLLAndSwitchSystem) refers to stm32g4xx_ll_utils.o(i.LL_SetFlashLatency) for LL_SetFlashLatency
    stm32g4xx_ll_utils.o(i.UTILS_EnablePLLAndSwitchSystem) refers to stm32g4xx_ll_utils.o(i.LL_RCC_PLL_IsReady) for LL_RCC_PLL_IsReady
    stm32g4xx_ll_utils.o(i.UTILS_EnablePLLAndSwitchSystem) refers to stm32g4xx_ll_utils.o(i.LL_RCC_SetAHBPrescaler) for LL_RCC_SetAHBPrescaler
    stm32g4xx_ll_utils.o(i.UTILS_EnablePLLAndSwitchSystem) refers to stm32g4xx_ll_utils.o(i.LL_SetSystemCoreClock) for LL_SetSystemCoreClock
    stm32g4xx_ll_utils.o(i.UTILS_EnablePLLAndSwitchSystem) refers to system_stm32g4xx.o(.constdata) for AHBPrescTable
    stm32g4xx_ll_utils.o(i.UTILS_EnablePLLAndSwitchSystem) refers to system_stm32g4xx.o(.data) for SystemCoreClock
    stm32g4xx_ll_utils.o(i.UTILS_PLL_IsBusy) refers to stm32g4xx_ll_utils.o(i.LL_RCC_PLL_IsReady) for LL_RCC_PLL_IsReady
    stm32g4xx_ll_exti.o(i.LL_EXTI_Init) refers to stm32g4xx_ll_exti.o(i.LL_EXTI_DisableEvent_0_31) for LL_EXTI_DisableEvent_0_31
    stm32g4xx_ll_exti.o(i.LL_EXTI_Init) refers to stm32g4xx_ll_exti.o(i.LL_EXTI_EnableIT_0_31) for LL_EXTI_EnableIT_0_31
    stm32g4xx_ll_exti.o(i.LL_EXTI_Init) refers to stm32g4xx_ll_exti.o(i.LL_EXTI_DisableIT_0_31) for LL_EXTI_DisableIT_0_31
    stm32g4xx_ll_exti.o(i.LL_EXTI_Init) refers to stm32g4xx_ll_exti.o(i.LL_EXTI_EnableEvent_0_31) for LL_EXTI_EnableEvent_0_31
    stm32g4xx_ll_exti.o(i.LL_EXTI_Init) refers to stm32g4xx_ll_exti.o(i.LL_EXTI_EnableRisingTrig_0_31) for LL_EXTI_EnableRisingTrig_0_31
    stm32g4xx_ll_exti.o(i.LL_EXTI_Init) refers to stm32g4xx_ll_exti.o(i.LL_EXTI_EnableFallingTrig_0_31) for LL_EXTI_EnableFallingTrig_0_31
    stm32g4xx_ll_exti.o(i.LL_EXTI_Init) refers to stm32g4xx_ll_exti.o(i.LL_EXTI_DisableEvent_32_63) for LL_EXTI_DisableEvent_32_63
    stm32g4xx_ll_exti.o(i.LL_EXTI_Init) refers to stm32g4xx_ll_exti.o(i.LL_EXTI_EnableIT_32_63) for LL_EXTI_EnableIT_32_63
    stm32g4xx_ll_exti.o(i.LL_EXTI_Init) refers to stm32g4xx_ll_exti.o(i.LL_EXTI_DisableIT_32_63) for LL_EXTI_DisableIT_32_63
    stm32g4xx_ll_exti.o(i.LL_EXTI_Init) refers to stm32g4xx_ll_exti.o(i.LL_EXTI_EnableEvent_32_63) for LL_EXTI_EnableEvent_32_63
    stm32g4xx_ll_exti.o(i.LL_EXTI_Init) refers to stm32g4xx_ll_exti.o(i.LL_EXTI_EnableRisingTrig_32_63) for LL_EXTI_EnableRisingTrig_32_63
    stm32g4xx_ll_exti.o(i.LL_EXTI_Init) refers to stm32g4xx_ll_exti.o(i.LL_EXTI_EnableFallingTrig_32_63) for LL_EXTI_EnableFallingTrig_32_63
    stm32g4xx_ll_gpio.o(i.LL_GPIO_DeInit) refers to stm32g4xx_ll_gpio.o(i.LL_AHB2_GRP1_ForceReset) for LL_AHB2_GRP1_ForceReset
    stm32g4xx_ll_gpio.o(i.LL_GPIO_DeInit) refers to stm32g4xx_ll_gpio.o(i.LL_AHB2_GRP1_ReleaseReset) for LL_AHB2_GRP1_ReleaseReset
    stm32g4xx_ll_adc.o(i.LL_ADC_CommonInit) refers to stm32g4xx_ll_adc.o(i.LL_ADC_IsEnabled) for LL_ADC_IsEnabled
    stm32g4xx_ll_adc.o(i.LL_ADC_DeInit) refers to stm32g4xx_ll_adc.o(i.LL_ADC_IsEnabled) for LL_ADC_IsEnabled
    stm32g4xx_ll_adc.o(i.LL_ADC_DeInit) refers to stm32g4xx_ll_adc.o(i.LL_ADC_REG_IsStopConversionOngoing) for LL_ADC_REG_IsStopConversionOngoing
    stm32g4xx_ll_adc.o(i.LL_ADC_DeInit) refers to stm32g4xx_ll_adc.o(i.LL_ADC_INJ_IsStopConversionOngoing) for LL_ADC_INJ_IsStopConversionOngoing
    stm32g4xx_ll_adc.o(i.LL_ADC_INJ_Init) refers to stm32g4xx_ll_adc.o(i.LL_ADC_IsEnabled) for LL_ADC_IsEnabled
    stm32g4xx_ll_adc.o(i.LL_ADC_Init) refers to stm32g4xx_ll_adc.o(i.LL_ADC_IsEnabled) for LL_ADC_IsEnabled
    stm32g4xx_ll_adc.o(i.LL_ADC_REG_Init) refers to stm32g4xx_ll_adc.o(i.LL_ADC_IsEnabled) for LL_ADC_IsEnabled
    stm32g4xx_ll_dma.o(i.LL_DMA_DeInit) refers to stm32g4xx_ll_dma.o(i.LL_AHB1_GRP1_ForceReset) for LL_AHB1_GRP1_ForceReset
    stm32g4xx_ll_dma.o(i.LL_DMA_DeInit) refers to stm32g4xx_ll_dma.o(i.LL_AHB1_GRP1_ReleaseReset) for LL_AHB1_GRP1_ReleaseReset
    stm32g4xx_ll_dma.o(i.LL_DMA_DeInit) refers to stm32g4xx_ll_dma.o(i.LL_DMA_SetPeriphRequest) for LL_DMA_SetPeriphRequest
    stm32g4xx_ll_dma.o(i.LL_DMA_Init) refers to stm32g4xx_ll_dma.o(i.LL_DMA_SetPeriphRequest) for LL_DMA_SetPeriphRequest
    stm32g4xx_ll_dma.o(i.LL_DMA_Init) refers to stm32g4xx_ll_dma.o(.constdata) for CHANNEL_OFFSET_TAB
    stm32g4xx_ll_tim.o(i.LL_TIM_DeInit) refers to stm32g4xx_ll_tim.o(i.LL_APB2_GRP1_ForceReset) for LL_APB2_GRP1_ForceReset
    stm32g4xx_ll_tim.o(i.LL_TIM_DeInit) refers to stm32g4xx_ll_tim.o(i.LL_APB2_GRP1_ReleaseReset) for LL_APB2_GRP1_ReleaseReset
    stm32g4xx_ll_tim.o(i.LL_TIM_DeInit) refers to stm32g4xx_ll_tim.o(i.LL_APB1_GRP1_ForceReset) for LL_APB1_GRP1_ForceReset
    stm32g4xx_ll_tim.o(i.LL_TIM_DeInit) refers to stm32g4xx_ll_tim.o(i.LL_APB1_GRP1_ReleaseReset) for LL_APB1_GRP1_ReleaseReset
    stm32g4xx_ll_tim.o(i.LL_TIM_HALLSENSOR_Init) refers to stm32g4xx_ll_tim.o(i.LL_TIM_OC_SetCompareCH2) for LL_TIM_OC_SetCompareCH2
    stm32g4xx_ll_tim.o(i.LL_TIM_IC_Init) refers to stm32g4xx_ll_tim.o(i.IC1Config) for IC1Config
    stm32g4xx_ll_tim.o(i.LL_TIM_IC_Init) refers to stm32g4xx_ll_tim.o(i.IC2Config) for IC2Config
    stm32g4xx_ll_tim.o(i.LL_TIM_IC_Init) refers to stm32g4xx_ll_tim.o(i.IC3Config) for IC3Config
    stm32g4xx_ll_tim.o(i.LL_TIM_IC_Init) refers to stm32g4xx_ll_tim.o(i.IC4Config) for IC4Config
    stm32g4xx_ll_tim.o(i.LL_TIM_OC_Init) refers to stm32g4xx_ll_tim.o(i.OC1Config) for OC1Config
    stm32g4xx_ll_tim.o(i.LL_TIM_OC_Init) refers to stm32g4xx_ll_tim.o(i.OC2Config) for OC2Config
    stm32g4xx_ll_tim.o(i.LL_TIM_OC_Init) refers to stm32g4xx_ll_tim.o(i.OC3Config) for OC3Config
    stm32g4xx_ll_tim.o(i.LL_TIM_OC_Init) refers to stm32g4xx_ll_tim.o(i.OC4Config) for OC4Config
    stm32g4xx_ll_tim.o(i.LL_TIM_OC_Init) refers to stm32g4xx_ll_tim.o(i.OC5Config) for OC5Config
    stm32g4xx_ll_tim.o(i.LL_TIM_OC_Init) refers to stm32g4xx_ll_tim.o(i.OC6Config) for OC6Config
    stm32g4xx_ll_tim.o(i.OC2Config) refers to stm32g4xx_ll_tim.o(i.LL_TIM_OC_SetCompareCH2) for LL_TIM_OC_SetCompareCH2
    system_stm32g4xx.o(i.SystemCoreClockUpdate) refers to system_stm32g4xx.o(.data) for SystemCoreClock
    system_stm32g4xx.o(i.SystemCoreClockUpdate) refers to system_stm32g4xx.o(.constdata) for AHBPrescTable
    entry.o(.ARM.Collect$$$$00000000) refers (Special) to entry10a.o(.ARM.Collect$$$$0000000D) for __rt_final_cpp
    entry.o(.ARM.Collect$$$$00000000) refers (Special) to entry11a.o(.ARM.Collect$$$$0000000F) for __rt_final_exit
    entry.o(.ARM.Collect$$$$00000000) refers (Special) to entry7b.o(.ARM.Collect$$$$00000008) for _main_clock
    entry.o(.ARM.Collect$$$$00000000) refers (Special) to entry8b.o(.ARM.Collect$$$$0000000A) for _main_cpp_init
    entry.o(.ARM.Collect$$$$00000000) refers (Special) to entry9a.o(.ARM.Collect$$$$0000000B) for _main_init
    entry.o(.ARM.Collect$$$$00000000) refers (Special) to entry5.o(.ARM.Collect$$$$00000004) for _main_scatterload
    entry.o(.ARM.Collect$$$$00000000) refers (Special) to entry2.o(.ARM.Collect$$$$00000001) for _main_stk
    entry2.o(.ARM.Collect$$$$00000001) refers to entry2.o(.ARM.Collect$$$$00002712) for __lit__00000000
    entry2.o(.ARM.Collect$$$$00002712) refers to startup_stm32g431xx.o(STACK) for __initial_sp
    entry2.o(__vectab_stack_and_reset_area) refers to startup_stm32g431xx.o(STACK) for __initial_sp
    entry2.o(__vectab_stack_and_reset_area) refers to entry.o(.ARM.Collect$$$$00000000) for __main
    entry5.o(.ARM.Collect$$$$00000004) refers to init.o(.text) for __scatterload
    entry9a.o(.ARM.Collect$$$$0000000B) refers to main.o(i.main) for main
    entry9b.o(.ARM.Collect$$$$0000000C) refers to main.o(i.main) for main
    init.o(.text) refers to entry5.o(.ARM.Collect$$$$00000004) for __main_after_scatterload


==============================================================================

Removing Unused input sections from the image.

    Removing startup_stm32g431xx.o(HEAP), (512 bytes).
    Removing main.o(.rev16_text), (4 bytes).
    Removing main.o(.revsh_text), (4 bytes).
    Removing main.o(.rrx_text), (6 bytes).
    Removing main.o(i.Error_Handler), (2 bytes).
    Removing main.o(.constdata), (56 bytes).
    Removing gpio.o(.rev16_text), (4 bytes).
    Removing gpio.o(.revsh_text), (4 bytes).
    Removing gpio.o(.rrx_text), (6 bytes).
    Removing gpio.o(.constdata), (56 bytes).
    Removing adc.o(.rev16_text), (4 bytes).
    Removing adc.o(.revsh_text), (4 bytes).
    Removing adc.o(.rrx_text), (6 bytes).
    Removing adc.o(.constdata), (56 bytes).
    Removing tim.o(.rev16_text), (4 bytes).
    Removing tim.o(.revsh_text), (4 bytes).
    Removing tim.o(.rrx_text), (6 bytes).
    Removing stm32g4xx_it.o(.rev16_text), (4 bytes).
    Removing stm32g4xx_it.o(.revsh_text), (4 bytes).
    Removing stm32g4xx_it.o(.rrx_text), (6 bytes).
    Removing stm32g4xx_it.o(.constdata), (56 bytes).
    Removing stm32g4xx_ll_utils.o(.rev16_text), (4 bytes).
    Removing stm32g4xx_ll_utils.o(.revsh_text), (4 bytes).
    Removing stm32g4xx_ll_utils.o(.rrx_text), (6 bytes).
    Removing stm32g4xx_ll_utils.o(i.LL_PLL_ConfigSystemClock_HSE), (200 bytes).
    Removing stm32g4xx_ll_utils.o(i.LL_PLL_ConfigSystemClock_HSI), (156 bytes).
    Removing stm32g4xx_ll_utils.o(i.LL_RCC_HSE_IsReady), (16 bytes).
    Removing stm32g4xx_ll_utils.o(i.LL_RCC_HSI_IsReady), (16 bytes).
    Removing stm32g4xx_ll_utils.o(i.LL_RCC_PLL_ConfigDomain_SYS), (36 bytes).
    Removing stm32g4xx_ll_utils.o(i.LL_RCC_PLL_IsReady), (16 bytes).
    Removing stm32g4xx_ll_utils.o(i.LL_RCC_SetAHBPrescaler), (20 bytes).
    Removing stm32g4xx_ll_utils.o(i.LL_SetFlashLatency), (244 bytes).
    Removing stm32g4xx_ll_utils.o(i.LL_mDelay), (44 bytes).
    Removing stm32g4xx_ll_utils.o(i.UTILS_EnablePLLAndSwitchSystem), (208 bytes).
    Removing stm32g4xx_ll_utils.o(i.UTILS_GetPLLOutputFrequency), (38 bytes).
    Removing stm32g4xx_ll_utils.o(i.UTILS_PLL_IsBusy), (16 bytes).
    Removing stm32g4xx_ll_exti.o(.rev16_text), (4 bytes).
    Removing stm32g4xx_ll_exti.o(.revsh_text), (4 bytes).
    Removing stm32g4xx_ll_exti.o(.rrx_text), (6 bytes).
    Removing stm32g4xx_ll_exti.o(i.LL_EXTI_DeInit), (80 bytes).
    Removing stm32g4xx_ll_exti.o(i.LL_EXTI_DisableEvent_0_31), (16 bytes).
    Removing stm32g4xx_ll_exti.o(i.LL_EXTI_DisableEvent_32_63), (16 bytes).
    Removing stm32g4xx_ll_exti.o(i.LL_EXTI_DisableIT_0_31), (16 bytes).
    Removing stm32g4xx_ll_exti.o(i.LL_EXTI_DisableIT_32_63), (16 bytes).
    Removing stm32g4xx_ll_exti.o(i.LL_EXTI_EnableEvent_0_31), (16 bytes).
    Removing stm32g4xx_ll_exti.o(i.LL_EXTI_EnableEvent_32_63), (16 bytes).
    Removing stm32g4xx_ll_exti.o(i.LL_EXTI_EnableFallingTrig_0_31), (16 bytes).
    Removing stm32g4xx_ll_exti.o(i.LL_EXTI_EnableFallingTrig_32_63), (16 bytes).
    Removing stm32g4xx_ll_exti.o(i.LL_EXTI_EnableIT_0_31), (16 bytes).
    Removing stm32g4xx_ll_exti.o(i.LL_EXTI_EnableIT_32_63), (16 bytes).
    Removing stm32g4xx_ll_exti.o(i.LL_EXTI_EnableRisingTrig_0_31), (16 bytes).
    Removing stm32g4xx_ll_exti.o(i.LL_EXTI_EnableRisingTrig_32_63), (16 bytes).
    Removing stm32g4xx_ll_exti.o(i.LL_EXTI_Init), (368 bytes).
    Removing stm32g4xx_ll_exti.o(i.LL_EXTI_StructInit), (16 bytes).
    Removing stm32g4xx_ll_gpio.o(.rev16_text), (4 bytes).
    Removing stm32g4xx_ll_gpio.o(.revsh_text), (4 bytes).
    Removing stm32g4xx_ll_gpio.o(.rrx_text), (6 bytes).
    Removing stm32g4xx_ll_gpio.o(i.LL_AHB2_GRP1_ForceReset), (16 bytes).
    Removing stm32g4xx_ll_gpio.o(i.LL_AHB2_GRP1_ReleaseReset), (16 bytes).
    Removing stm32g4xx_ll_gpio.o(i.LL_GPIO_DeInit), (176 bytes).
    Removing stm32g4xx_ll_gpio.o(i.LL_GPIO_StructInit), (22 bytes).
    Removing stm32g4xx_ll_adc.o(.rev16_text), (4 bytes).
    Removing stm32g4xx_ll_adc.o(.revsh_text), (4 bytes).
    Removing stm32g4xx_ll_adc.o(.rrx_text), (6 bytes).
    Removing stm32g4xx_ll_adc.o(i.LL_ADC_CommonDeInit), (52 bytes).
    Removing stm32g4xx_ll_adc.o(i.LL_ADC_CommonStructInit), (16 bytes).
    Removing stm32g4xx_ll_adc.o(i.LL_ADC_DeInit), (524 bytes).
    Removing stm32g4xx_ll_adc.o(i.LL_ADC_INJ_Init), (80 bytes).
    Removing stm32g4xx_ll_adc.o(i.LL_ADC_INJ_IsStopConversionOngoing), (10 bytes).
    Removing stm32g4xx_ll_adc.o(i.LL_ADC_INJ_StructInit), (12 bytes).
    Removing stm32g4xx_ll_adc.o(i.LL_ADC_REG_IsStopConversionOngoing), (10 bytes).
    Removing stm32g4xx_ll_adc.o(i.LL_ADC_REG_StructInit), (20 bytes).
    Removing stm32g4xx_ll_adc.o(i.LL_ADC_StructInit), (10 bytes).
    Removing stm32g4xx_ll_dma.o(.rev16_text), (4 bytes).
    Removing stm32g4xx_ll_dma.o(.revsh_text), (4 bytes).
    Removing stm32g4xx_ll_dma.o(.rrx_text), (6 bytes).
    Removing stm32g4xx_ll_dma.o(i.LL_AHB1_GRP1_ForceReset), (16 bytes).
    Removing stm32g4xx_ll_dma.o(i.LL_AHB1_GRP1_ReleaseReset), (16 bytes).
    Removing stm32g4xx_ll_dma.o(i.LL_DMA_DeInit), (368 bytes).
    Removing stm32g4xx_ll_dma.o(i.LL_DMA_Init), (136 bytes).
    Removing stm32g4xx_ll_dma.o(i.LL_DMA_SetPeriphRequest), (48 bytes).
    Removing stm32g4xx_ll_dma.o(i.LL_DMA_StructInit), (26 bytes).
    Removing stm32g4xx_ll_dma.o(.constdata), (6 bytes).
    Removing stm32g4xx_ll_pwr.o(.rev16_text), (4 bytes).
    Removing stm32g4xx_ll_pwr.o(.revsh_text), (4 bytes).
    Removing stm32g4xx_ll_pwr.o(.rrx_text), (6 bytes).
    Removing stm32g4xx_ll_pwr.o(i.LL_PWR_DeInit), (36 bytes).
    Removing stm32g4xx_ll_tim.o(.rev16_text), (4 bytes).
    Removing stm32g4xx_ll_tim.o(.revsh_text), (4 bytes).
    Removing stm32g4xx_ll_tim.o(.rrx_text), (6 bytes).
    Removing stm32g4xx_ll_tim.o(i.IC1Config), (52 bytes).
    Removing stm32g4xx_ll_tim.o(i.IC2Config), (56 bytes).
    Removing stm32g4xx_ll_tim.o(i.IC3Config), (58 bytes).
    Removing stm32g4xx_ll_tim.o(i.IC4Config), (58 bytes).
    Removing stm32g4xx_ll_tim.o(i.LL_APB1_GRP1_ForceReset), (16 bytes).
    Removing stm32g4xx_ll_tim.o(i.LL_APB1_GRP1_ReleaseReset), (16 bytes).
    Removing stm32g4xx_ll_tim.o(i.LL_APB2_GRP1_ForceReset), (16 bytes).
    Removing stm32g4xx_ll_tim.o(i.LL_APB2_GRP1_ReleaseReset), (16 bytes).
    Removing stm32g4xx_ll_tim.o(i.LL_TIM_BDTR_StructInit), (30 bytes).
    Removing stm32g4xx_ll_tim.o(i.LL_TIM_DeInit), (260 bytes).
    Removing stm32g4xx_ll_tim.o(i.LL_TIM_ENCODER_Init), (104 bytes).
    Removing stm32g4xx_ll_tim.o(i.LL_TIM_ENCODER_StructInit), (36 bytes).
    Removing stm32g4xx_ll_tim.o(i.LL_TIM_HALLSENSOR_Init), (124 bytes).
    Removing stm32g4xx_ll_tim.o(i.LL_TIM_HALLSENSOR_StructInit), (12 bytes).
    Removing stm32g4xx_ll_tim.o(i.LL_TIM_IC_Init), (92 bytes).
    Removing stm32g4xx_ll_tim.o(i.LL_TIM_IC_StructInit), (18 bytes).
    Removing stm32g4xx_ll_tim.o(i.LL_TIM_OC_StructInit), (20 bytes).
    Removing stm32g4xx_ll_tim.o(i.LL_TIM_StructInit), (18 bytes).
    Removing stm32g4xx_ll_tim.o(.constdata), (50 bytes).
    Removing system_stm32g4xx.o(.rev16_text), (4 bytes).
    Removing system_stm32g4xx.o(.revsh_text), (4 bytes).
    Removing system_stm32g4xx.o(.rrx_text), (6 bytes).
    Removing system_stm32g4xx.o(i.SystemCoreClockUpdate), (156 bytes).
    Removing system_stm32g4xx.o(.constdata), (24 bytes).

114 unused section(s) (total 5434 bytes) removed from the image.

==============================================================================

Image Symbol Table

    Local Symbols

    Symbol Name                              Value     Ov Type        Size  Object(Section)

    ../Drivers/STM32G4xx_HAL_Driver/Src/stm32g4xx_ll_adc.c 0x00000000   Number         0  stm32g4xx_ll_adc.o ABSOLUTE
    ../Drivers/STM32G4xx_HAL_Driver/Src/stm32g4xx_ll_dma.c 0x00000000   Number         0  stm32g4xx_ll_dma.o ABSOLUTE
    ../Drivers/STM32G4xx_HAL_Driver/Src/stm32g4xx_ll_exti.c 0x00000000   Number         0  stm32g4xx_ll_exti.o ABSOLUTE
    ../Drivers/STM32G4xx_HAL_Driver/Src/stm32g4xx_ll_gpio.c 0x00000000   Number         0  stm32g4xx_ll_gpio.o ABSOLUTE
    ../Drivers/STM32G4xx_HAL_Driver/Src/stm32g4xx_ll_pwr.c 0x00000000   Number         0  stm32g4xx_ll_pwr.o ABSOLUTE
    ../Drivers/STM32G4xx_HAL_Driver/Src/stm32g4xx_ll_tim.c 0x00000000   Number         0  stm32g4xx_ll_tim.o ABSOLUTE
    ../Drivers/STM32G4xx_HAL_Driver/Src/stm32g4xx_ll_utils.c 0x00000000   Number         0  stm32g4xx_ll_utils.o ABSOLUTE
    ../Src/adc.c                             0x00000000   Number         0  adc.o ABSOLUTE
    ../Src/gpio.c                            0x00000000   Number         0  gpio.o ABSOLUTE
    ../Src/main.c                            0x00000000   Number         0  main.o ABSOLUTE
    ../Src/stm32g4xx_it.c                    0x00000000   Number         0  stm32g4xx_it.o ABSOLUTE
    ../Src/system_stm32g4xx.c                0x00000000   Number         0  system_stm32g4xx.o ABSOLUTE
    ../Src/tim.c                             0x00000000   Number         0  tim.o ABSOLUTE
    ../clib/microlib/init/entry.s            0x00000000   Number         0  entry11b.o ABSOLUTE
    ../clib/microlib/init/entry.s            0x00000000   Number         0  entry5.o ABSOLUTE
    ../clib/microlib/init/entry.s            0x00000000   Number         0  entry11a.o ABSOLUTE
    ../clib/microlib/init/entry.s            0x00000000   Number         0  entry10b.o ABSOLUTE
    ../clib/microlib/init/entry.s            0x00000000   Number         0  entry2.o ABSOLUTE
    ../clib/microlib/init/entry.s            0x00000000   Number         0  entry10a.o ABSOLUTE
    ../clib/microlib/init/entry.s            0x00000000   Number         0  entry9b.o ABSOLUTE
    ../clib/microlib/init/entry.s            0x00000000   Number         0  entry9a.o ABSOLUTE
    ../clib/microlib/init/entry.s            0x00000000   Number         0  entry8b.o ABSOLUTE
    ../clib/microlib/init/entry.s            0x00000000   Number         0  entry8a.o ABSOLUTE
    ../clib/microlib/init/entry.s            0x00000000   Number         0  entry.o ABSOLUTE
    ../clib/microlib/init/entry.s            0x00000000   Number         0  entry7b.o ABSOLUTE
    ../clib/microlib/init/entry.s            0x00000000   Number         0  entry7a.o ABSOLUTE
    ../clib/microlib/string/memset.c         0x00000000   Number         0  memseta.o ABSOLUTE
    ..\Drivers\STM32G4xx_HAL_Driver\Src\stm32g4xx_ll_adc.c 0x00000000   Number         0  stm32g4xx_ll_adc.o ABSOLUTE
    ..\Drivers\STM32G4xx_HAL_Driver\Src\stm32g4xx_ll_dma.c 0x00000000   Number         0  stm32g4xx_ll_dma.o ABSOLUTE
    ..\Drivers\STM32G4xx_HAL_Driver\Src\stm32g4xx_ll_exti.c 0x00000000   Number         0  stm32g4xx_ll_exti.o ABSOLUTE
    ..\Drivers\STM32G4xx_HAL_Driver\Src\stm32g4xx_ll_gpio.c 0x00000000   Number         0  stm32g4xx_ll_gpio.o ABSOLUTE
    ..\Drivers\STM32G4xx_HAL_Driver\Src\stm32g4xx_ll_pwr.c 0x00000000   Number         0  stm32g4xx_ll_pwr.o ABSOLUTE
    ..\Drivers\STM32G4xx_HAL_Driver\Src\stm32g4xx_ll_tim.c 0x00000000   Number         0  stm32g4xx_ll_tim.o ABSOLUTE
    ..\Drivers\STM32G4xx_HAL_Driver\Src\stm32g4xx_ll_utils.c 0x00000000   Number         0  stm32g4xx_ll_utils.o ABSOLUTE
    ..\Src\adc.c                             0x00000000   Number         0  adc.o ABSOLUTE
    ..\Src\gpio.c                            0x00000000   Number         0  gpio.o ABSOLUTE
    ..\Src\main.c                            0x00000000   Number         0  main.o ABSOLUTE
    ..\Src\stm32g4xx_it.c                    0x00000000   Number         0  stm32g4xx_it.o ABSOLUTE
    ..\Src\system_stm32g4xx.c                0x00000000   Number         0  system_stm32g4xx.o ABSOLUTE
    ..\Src\tim.c                             0x00000000   Number         0  tim.o ABSOLUTE
    dc.s                                     0x00000000   Number         0  dc.o ABSOLUTE
    handlers.s                               0x00000000   Number         0  handlers.o ABSOLUTE
    init.s                                   0x00000000   Number         0  init.o ABSOLUTE
    startup_stm32g431xx.s                    0x00000000   Number         0  startup_stm32g431xx.o ABSOLUTE
    RESET                                    0x08000000   Section      472  startup_stm32g431xx.o(RESET)
    .ARM.Collect$$$$00000000                 0x080001d8   Section        0  entry.o(.ARM.Collect$$$$00000000)
    .ARM.Collect$$$$00000001                 0x080001d8   Section        4  entry2.o(.ARM.Collect$$$$00000001)
    .ARM.Collect$$$$00000004                 0x080001dc   Section        4  entry5.o(.ARM.Collect$$$$00000004)
    .ARM.Collect$$$$00000008                 0x080001e0   Section        0  entry7b.o(.ARM.Collect$$$$00000008)
    .ARM.Collect$$$$0000000A                 0x080001e0   Section        0  entry8b.o(.ARM.Collect$$$$0000000A)
    .ARM.Collect$$$$0000000B                 0x080001e0   Section        8  entry9a.o(.ARM.Collect$$$$0000000B)
    .ARM.Collect$$$$0000000D                 0x080001e8   Section        0  entry10a.o(.ARM.Collect$$$$0000000D)
    .ARM.Collect$$$$0000000F                 0x080001e8   Section        0  entry11a.o(.ARM.Collect$$$$0000000F)
    .ARM.Collect$$$$00002712                 0x080001e8   Section        4  entry2.o(.ARM.Collect$$$$00002712)
    __lit__00000000                          0x080001e8   Data           4  entry2.o(.ARM.Collect$$$$00002712)
    .text                                    0x080001ec   Section       36  startup_stm32g431xx.o(.text)
    $v0                                      0x080001ec   Number         0  startup_stm32g431xx.o(.text)
    .text                                    0x08000210   Section        0  memseta.o(.text)
    .text                                    0x08000234   Section       36  init.o(.text)
    i.ADC1_2_IRQHandler                      0x08000258   Section        0  stm32g4xx_it.o(i.ADC1_2_IRQHandler)
    i.BusFault_Handler                       0x08000294   Section        0  stm32g4xx_it.o(i.BusFault_Handler)
    i.DebugMon_Handler                       0x08000298   Section        0  stm32g4xx_it.o(i.DebugMon_Handler)
    i.HardFault_Handler                      0x0800029a   Section        0  stm32g4xx_it.o(i.HardFault_Handler)
    i.Initialize_ADC                         0x080002a0   Section        0  main.o(i.Initialize_ADC)
    i.LL_ADC_CommonInit                      0x0800037c   Section        0  stm32g4xx_ll_adc.o(i.LL_ADC_CommonInit)
    i.LL_ADC_Init                            0x080003dc   Section        0  stm32g4xx_ll_adc.o(i.LL_ADC_Init)
    i.LL_ADC_IsEnabled                       0x0800040a   Section        0  main.o(i.LL_ADC_IsEnabled)
    LL_ADC_IsEnabled                         0x0800040b   Thumb Code    10  main.o(i.LL_ADC_IsEnabled)
    i.LL_ADC_IsEnabled                       0x08000414   Section        0  stm32g4xx_ll_adc.o(i.LL_ADC_IsEnabled)
    LL_ADC_IsEnabled                         0x08000415   Thumb Code    10  stm32g4xx_ll_adc.o(i.LL_ADC_IsEnabled)
    i.LL_ADC_REG_Init                        0x08000420   Section        0  stm32g4xx_ll_adc.o(i.LL_ADC_REG_Init)
    i.LL_AHB2_GRP1_EnableClock               0x0800048c   Section        0  gpio.o(i.LL_AHB2_GRP1_EnableClock)
    LL_AHB2_GRP1_EnableClock                 0x0800048d   Thumb Code    24  gpio.o(i.LL_AHB2_GRP1_EnableClock)
    i.LL_AHB2_GRP1_EnableClock               0x080004a8   Section        0  adc.o(i.LL_AHB2_GRP1_EnableClock)
    LL_AHB2_GRP1_EnableClock                 0x080004a9   Thumb Code    24  adc.o(i.LL_AHB2_GRP1_EnableClock)
    i.LL_AHB2_GRP1_EnableClock               0x080004c4   Section        0  tim.o(i.LL_AHB2_GRP1_EnableClock)
    LL_AHB2_GRP1_EnableClock                 0x080004c5   Thumb Code    24  tim.o(i.LL_AHB2_GRP1_EnableClock)
    i.LL_GPIO_Init                           0x080004e0   Section        0  stm32g4xx_ll_gpio.o(i.LL_GPIO_Init)
    i.LL_GPIO_ResetOutputPin                 0x08000618   Section        0  main.o(i.LL_GPIO_ResetOutputPin)
    LL_GPIO_ResetOutputPin                   0x08000619   Thumb Code     4  main.o(i.LL_GPIO_ResetOutputPin)
    i.LL_GPIO_ResetOutputPin                 0x0800061c   Section        0  gpio.o(i.LL_GPIO_ResetOutputPin)
    LL_GPIO_ResetOutputPin                   0x0800061d   Thumb Code     4  gpio.o(i.LL_GPIO_ResetOutputPin)
    i.LL_GPIO_ResetOutputPin                 0x08000620   Section        0  stm32g4xx_it.o(i.LL_GPIO_ResetOutputPin)
    LL_GPIO_ResetOutputPin                   0x08000621   Thumb Code     4  stm32g4xx_it.o(i.LL_GPIO_ResetOutputPin)
    i.LL_GPIO_SetOutputPin                   0x08000624   Section        0  main.o(i.LL_GPIO_SetOutputPin)
    LL_GPIO_SetOutputPin                     0x08000625   Thumb Code     4  main.o(i.LL_GPIO_SetOutputPin)
    i.LL_Init1msTick                         0x08000628   Section        0  stm32g4xx_ll_utils.o(i.LL_Init1msTick)
    i.LL_RCC_SetAHBPrescaler                 0x08000644   Section        0  main.o(i.LL_RCC_SetAHBPrescaler)
    LL_RCC_SetAHBPrescaler                   0x08000645   Thumb Code    16  main.o(i.LL_RCC_SetAHBPrescaler)
    i.LL_SetSystemCoreClock                  0x08000658   Section        0  stm32g4xx_ll_utils.o(i.LL_SetSystemCoreClock)
    i.LL_TIM_BDTR_Init                       0x08000664   Section        0  stm32g4xx_ll_tim.o(i.LL_TIM_BDTR_Init)
    i.LL_TIM_DisableIT_BRK                   0x08000714   Section        0  stm32g4xx_it.o(i.LL_TIM_DisableIT_BRK)
    LL_TIM_DisableIT_BRK                     0x08000715   Thumb Code    10  stm32g4xx_it.o(i.LL_TIM_DisableIT_BRK)
    i.LL_TIM_EnableIT_BRK                    0x0800071e   Section        0  main.o(i.LL_TIM_EnableIT_BRK)
    LL_TIM_EnableIT_BRK                      0x0800071f   Thumb Code    10  main.o(i.LL_TIM_EnableIT_BRK)
    i.LL_TIM_Init                            0x08000728   Section        0  stm32g4xx_ll_tim.o(i.LL_TIM_Init)
    i.LL_TIM_IsActiveFlag_BRK                0x080007f0   Section        0  main.o(i.LL_TIM_IsActiveFlag_BRK)
    LL_TIM_IsActiveFlag_BRK                  0x080007f1   Thumb Code    10  main.o(i.LL_TIM_IsActiveFlag_BRK)
    i.LL_TIM_IsEnabledIT_BRK                 0x080007fa   Section        0  main.o(i.LL_TIM_IsEnabledIT_BRK)
    LL_TIM_IsEnabledIT_BRK                   0x080007fb   Thumb Code    10  main.o(i.LL_TIM_IsEnabledIT_BRK)
    i.LL_TIM_OC_DisableFast                  0x08000804   Section        0  tim.o(i.LL_TIM_OC_DisableFast)
    LL_TIM_OC_DisableFast                    0x08000805   Thumb Code   116  tim.o(i.LL_TIM_OC_DisableFast)
    i.LL_TIM_OC_EnablePreload                0x08000880   Section        0  tim.o(i.LL_TIM_OC_EnablePreload)
    LL_TIM_OC_EnablePreload                  0x08000881   Thumb Code   116  tim.o(i.LL_TIM_OC_EnablePreload)
    i.LL_TIM_OC_Init                         0x080008fc   Section        0  stm32g4xx_ll_tim.o(i.LL_TIM_OC_Init)
    i.LL_TIM_OC_SetCompareCH2                0x08000980   Section        0  stm32g4xx_ll_tim.o(i.LL_TIM_OC_SetCompareCH2)
    LL_TIM_OC_SetCompareCH2                  0x08000981   Thumb Code     4  stm32g4xx_ll_tim.o(i.LL_TIM_OC_SetCompareCH2)
    i.LL_TIM_SetBreakInputSourcePolarity     0x08000984   Section        0  tim.o(i.LL_TIM_SetBreakInputSourcePolarity)
    LL_TIM_SetBreakInputSourcePolarity       0x08000985   Thumb Code    52  tim.o(i.LL_TIM_SetBreakInputSourcePolarity)
    i.MX_ADC1_Init                           0x080009b8   Section        0  adc.o(i.MX_ADC1_Init)
    i.MX_GPIO_Init                           0x08000c18   Section        0  gpio.o(i.MX_GPIO_Init)
    i.MX_TIM1_Init                           0x08000c88   Section        0  tim.o(i.MX_TIM1_Init)
    i.MemManage_Handler                      0x080010ec   Section        0  stm32g4xx_it.o(i.MemManage_Handler)
    i.NMI_Handler                            0x080010f0   Section        0  stm32g4xx_it.o(i.NMI_Handler)
    i.OC1Config                              0x080010f4   Section        0  stm32g4xx_ll_tim.o(i.OC1Config)
    OC1Config                                0x080010f5   Thumb Code   140  stm32g4xx_ll_tim.o(i.OC1Config)
    i.OC2Config                              0x08001198   Section        0  stm32g4xx_ll_tim.o(i.OC2Config)
    OC2Config                                0x08001199   Thumb Code   150  stm32g4xx_ll_tim.o(i.OC2Config)
    i.OC3Config                              0x08001248   Section        0  stm32g4xx_ll_tim.o(i.OC3Config)
    OC3Config                                0x08001249   Thumb Code   140  stm32g4xx_ll_tim.o(i.OC3Config)
    i.OC4Config                              0x080012ec   Section        0  stm32g4xx_ll_tim.o(i.OC4Config)
    OC4Config                                0x080012ed   Thumb Code   138  stm32g4xx_ll_tim.o(i.OC4Config)
    i.OC5Config                              0x08001390   Section        0  stm32g4xx_ll_tim.o(i.OC5Config)
    OC5Config                                0x08001391   Thumb Code   108  stm32g4xx_ll_tim.o(i.OC5Config)
    i.OC6Config                              0x08001414   Section        0  stm32g4xx_ll_tim.o(i.OC6Config)
    OC6Config                                0x08001415   Thumb Code   104  stm32g4xx_ll_tim.o(i.OC6Config)
    i.PendSV_Handler                         0x08001494   Section        0  stm32g4xx_it.o(i.PendSV_Handler)
    i.SVC_Handler                            0x08001496   Section        0  stm32g4xx_it.o(i.SVC_Handler)
    i.SysTick_Handler                        0x08001498   Section        0  stm32g4xx_it.o(i.SysTick_Handler)
    i.SystemClock_Config                     0x0800149c   Section        0  main.o(i.SystemClock_Config)
    i.SystemInit                             0x0800160c   Section        0  system_stm32g4xx.o(i.SystemInit)
    i.TIM1_BRK_TIM15_IRQHandler              0x08001628   Section        0  stm32g4xx_it.o(i.TIM1_BRK_TIM15_IRQHandler)
    i.UsageFault_Handler                     0x0800166c   Section        0  stm32g4xx_it.o(i.UsageFault_Handler)
    i.__scatterload_copy                     0x08001670   Section       14  handlers.o(i.__scatterload_copy)
    i.__scatterload_null                     0x0800167e   Section        2  handlers.o(i.__scatterload_null)
    i.__scatterload_zeroinit                 0x08001680   Section       14  handlers.o(i.__scatterload_zeroinit)
    i.main                                   0x08001690   Section        0  main.o(i.main)
    .constdata                               0x0800184c   Section       56  tim.o(.constdata)
    CHANNEL_OFFSET_TAB                       0x0800184c   Data           6  tim.o(.constdata)
    OFFSET_TAB_CCMRx                         0x08001852   Data          10  tim.o(.constdata)
    SHIFT_TAB_OCxx                           0x0800185c   Data          10  tim.o(.constdata)
    SHIFT_TAB_ICxx                           0x08001866   Data          10  tim.o(.constdata)
    SHIFT_TAB_CCxP                           0x08001870   Data          10  tim.o(.constdata)
    SHIFT_TAB_OISx                           0x0800187a   Data          10  tim.o(.constdata)
    .data                                    0x20000000   Section        2  main.o(.data)
    .data                                    0x20000004   Section        4  system_stm32g4xx.o(.data)
    STACK                                    0x20000008   Section     1024  startup_stm32g431xx.o(STACK)

    Global Symbols

    Symbol Name                              Value     Ov Type        Size  Object(Section)

    BuildAttributes$$THM_ISAv4$E$P$D$K$B$S$7EM$VFPi3$EXTD16$VFPS$VFMA$PE$A:L22UL41UL21$X:L11$S22US41US21$IEEE1$IW$USESV6$~STKCKD$USESV7$~SHL$OSPACE$EBA8$MICROLIB$REQ8$PRES8$EABIv2 0x00000000   Number         0  anon$$obj.o ABSOLUTE
    __ARM_use_no_argv                        0x00000000   Number         0  main.o ABSOLUTE
    __cpp_initialize__aeabi_                  - Undefined Weak Reference
    __cxa_finalize                            - Undefined Weak Reference
    __decompress                              - Undefined Weak Reference
    _clock_init                               - Undefined Weak Reference
    _microlib_exit                            - Undefined Weak Reference
    __Vectors_Size                           0x000001d8   Number         0  startup_stm32g431xx.o ABSOLUTE
    __Vectors                                0x08000000   Data           4  startup_stm32g431xx.o(RESET)
    __Vectors_End                            0x080001d8   Data           0  startup_stm32g431xx.o(RESET)
    __main                                   0x080001d9   Thumb Code     0  entry.o(.ARM.Collect$$$$00000000)
    _main_stk                                0x080001d9   Thumb Code     0  entry2.o(.ARM.Collect$$$$00000001)
    _main_scatterload                        0x080001dd   Thumb Code     0  entry5.o(.ARM.Collect$$$$00000004)
    __main_after_scatterload                 0x080001e1   Thumb Code     0  entry5.o(.ARM.Collect$$$$00000004)
    _main_clock                              0x080001e1   Thumb Code     0  entry7b.o(.ARM.Collect$$$$00000008)
    _main_cpp_init                           0x080001e1   Thumb Code     0  entry8b.o(.ARM.Collect$$$$0000000A)
    _main_init                               0x080001e1   Thumb Code     0  entry9a.o(.ARM.Collect$$$$0000000B)
    __rt_final_cpp                           0x080001e9   Thumb Code     0  entry10a.o(.ARM.Collect$$$$0000000D)
    __rt_final_exit                          0x080001e9   Thumb Code     0  entry11a.o(.ARM.Collect$$$$0000000F)
    Reset_Handler                            0x080001ed   Thumb Code     8  startup_stm32g431xx.o(.text)
    COMP1_2_3_IRQHandler                     0x08000207   Thumb Code     0  startup_stm32g431xx.o(.text)
    COMP4_IRQHandler                         0x08000207   Thumb Code     0  startup_stm32g431xx.o(.text)
    CORDIC_IRQHandler                        0x08000207   Thumb Code     0  startup_stm32g431xx.o(.text)
    CRS_IRQHandler                           0x08000207   Thumb Code     0  startup_stm32g431xx.o(.text)
    DMA1_Channel1_IRQHandler                 0x08000207   Thumb Code     0  startup_stm32g431xx.o(.text)
    DMA1_Channel2_IRQHandler                 0x08000207   Thumb Code     0  startup_stm32g431xx.o(.text)
    DMA1_Channel3_IRQHandler                 0x08000207   Thumb Code     0  startup_stm32g431xx.o(.text)
    DMA1_Channel4_IRQHandler                 0x08000207   Thumb Code     0  startup_stm32g431xx.o(.text)
    DMA1_Channel5_IRQHandler                 0x08000207   Thumb Code     0  startup_stm32g431xx.o(.text)
    DMA1_Channel6_IRQHandler                 0x08000207   Thumb Code     0  startup_stm32g431xx.o(.text)
    DMA2_Channel1_IRQHandler                 0x08000207   Thumb Code     0  startup_stm32g431xx.o(.text)
    DMA2_Channel2_IRQHandler                 0x08000207   Thumb Code     0  startup_stm32g431xx.o(.text)
    DMA2_Channel3_IRQHandler                 0x08000207   Thumb Code     0  startup_stm32g431xx.o(.text)
    DMA2_Channel4_IRQHandler                 0x08000207   Thumb Code     0  startup_stm32g431xx.o(.text)
    DMA2_Channel5_IRQHandler                 0x08000207   Thumb Code     0  startup_stm32g431xx.o(.text)
    DMA2_Channel6_IRQHandler                 0x08000207   Thumb Code     0  startup_stm32g431xx.o(.text)
    DMAMUX_OVR_IRQHandler                    0x08000207   Thumb Code     0  startup_stm32g431xx.o(.text)
    EXTI0_IRQHandler                         0x08000207   Thumb Code     0  startup_stm32g431xx.o(.text)
    EXTI15_10_IRQHandler                     0x08000207   Thumb Code     0  startup_stm32g431xx.o(.text)
    EXTI1_IRQHandler                         0x08000207   Thumb Code     0  startup_stm32g431xx.o(.text)
    EXTI2_IRQHandler                         0x08000207   Thumb Code     0  startup_stm32g431xx.o(.text)
    EXTI3_IRQHandler                         0x08000207   Thumb Code     0  startup_stm32g431xx.o(.text)
    EXTI4_IRQHandler                         0x08000207   Thumb Code     0  startup_stm32g431xx.o(.text)
    EXTI9_5_IRQHandler                       0x08000207   Thumb Code     0  startup_stm32g431xx.o(.text)
    FDCAN1_IT0_IRQHandler                    0x08000207   Thumb Code     0  startup_stm32g431xx.o(.text)
    FDCAN1_IT1_IRQHandler                    0x08000207   Thumb Code     0  startup_stm32g431xx.o(.text)
    FLASH_IRQHandler                         0x08000207   Thumb Code     0  startup_stm32g431xx.o(.text)
    FMAC_IRQHandler                          0x08000207   Thumb Code     0  startup_stm32g431xx.o(.text)
    FPU_IRQHandler                           0x08000207   Thumb Code     0  startup_stm32g431xx.o(.text)
    I2C1_ER_IRQHandler                       0x08000207   Thumb Code     0  startup_stm32g431xx.o(.text)
    I2C1_EV_IRQHandler                       0x08000207   Thumb Code     0  startup_stm32g431xx.o(.text)
    I2C2_ER_IRQHandler                       0x08000207   Thumb Code     0  startup_stm32g431xx.o(.text)
    I2C2_EV_IRQHandler                       0x08000207   Thumb Code     0  startup_stm32g431xx.o(.text)
    I2C3_ER_IRQHandler                       0x08000207   Thumb Code     0  startup_stm32g431xx.o(.text)
    I2C3_EV_IRQHandler                       0x08000207   Thumb Code     0  startup_stm32g431xx.o(.text)
    LPTIM1_IRQHandler                        0x08000207   Thumb Code     0  startup_stm32g431xx.o(.text)
    LPUART1_IRQHandler                       0x08000207   Thumb Code     0  startup_stm32g431xx.o(.text)
    PVD_PVM_IRQHandler                       0x08000207   Thumb Code     0  startup_stm32g431xx.o(.text)
    RCC_IRQHandler                           0x08000207   Thumb Code     0  startup_stm32g431xx.o(.text)
    RNG_IRQHandler                           0x08000207   Thumb Code     0  startup_stm32g431xx.o(.text)
    RTC_Alarm_IRQHandler                     0x08000207   Thumb Code     0  startup_stm32g431xx.o(.text)
    RTC_TAMP_LSECSS_IRQHandler               0x08000207   Thumb Code     0  startup_stm32g431xx.o(.text)
    RTC_WKUP_IRQHandler                      0x08000207   Thumb Code     0  startup_stm32g431xx.o(.text)
    SAI1_IRQHandler                          0x08000207   Thumb Code     0  startup_stm32g431xx.o(.text)
    SPI1_IRQHandler                          0x08000207   Thumb Code     0  startup_stm32g431xx.o(.text)
    SPI2_IRQHandler                          0x08000207   Thumb Code     0  startup_stm32g431xx.o(.text)
    SPI3_IRQHandler                          0x08000207   Thumb Code     0  startup_stm32g431xx.o(.text)
    TIM1_CC_IRQHandler                       0x08000207   Thumb Code     0  startup_stm32g431xx.o(.text)
    TIM1_TRG_COM_TIM17_IRQHandler            0x08000207   Thumb Code     0  startup_stm32g431xx.o(.text)
    TIM1_UP_TIM16_IRQHandler                 0x08000207   Thumb Code     0  startup_stm32g431xx.o(.text)
    TIM2_IRQHandler                          0x08000207   Thumb Code     0  startup_stm32g431xx.o(.text)
    TIM3_IRQHandler                          0x08000207   Thumb Code     0  startup_stm32g431xx.o(.text)
    TIM4_IRQHandler                          0x08000207   Thumb Code     0  startup_stm32g431xx.o(.text)
    TIM6_DAC_IRQHandler                      0x08000207   Thumb Code     0  startup_stm32g431xx.o(.text)
    TIM7_DAC_IRQHandler                      0x08000207   Thumb Code     0  startup_stm32g431xx.o(.text)
    TIM8_BRK_IRQHandler                      0x08000207   Thumb Code     0  startup_stm32g431xx.o(.text)
    TIM8_CC_IRQHandler                       0x08000207   Thumb Code     0  startup_stm32g431xx.o(.text)
    TIM8_TRG_COM_IRQHandler                  0x08000207   Thumb Code     0  startup_stm32g431xx.o(.text)
    TIM8_UP_IRQHandler                       0x08000207   Thumb Code     0  startup_stm32g431xx.o(.text)
    UART4_IRQHandler                         0x08000207   Thumb Code     0  startup_stm32g431xx.o(.text)
    UCPD1_IRQHandler                         0x08000207   Thumb Code     0  startup_stm32g431xx.o(.text)
    USART1_IRQHandler                        0x08000207   Thumb Code     0  startup_stm32g431xx.o(.text)
    USART2_IRQHandler                        0x08000207   Thumb Code     0  startup_stm32g431xx.o(.text)
    USART3_IRQHandler                        0x08000207   Thumb Code     0  startup_stm32g431xx.o(.text)
    USBWakeUp_IRQHandler                     0x08000207   Thumb Code     0  startup_stm32g431xx.o(.text)
    USB_HP_IRQHandler                        0x08000207   Thumb Code     0  startup_stm32g431xx.o(.text)
    USB_LP_IRQHandler                        0x08000207   Thumb Code     0  startup_stm32g431xx.o(.text)
    WWDG_IRQHandler                          0x08000207   Thumb Code     0  startup_stm32g431xx.o(.text)
    __aeabi_memset                           0x08000211   Thumb Code    14  memseta.o(.text)
    __aeabi_memset4                          0x08000211   Thumb Code     0  memseta.o(.text)
    __aeabi_memset8                          0x08000211   Thumb Code     0  memseta.o(.text)
    __aeabi_memclr                           0x0800021f   Thumb Code     4  memseta.o(.text)
    __aeabi_memclr4                          0x0800021f   Thumb Code     0  memseta.o(.text)
    __aeabi_memclr8                          0x0800021f   Thumb Code     0  memseta.o(.text)
    _memset$wrapper                          0x08000223   Thumb Code    18  memseta.o(.text)
    __scatterload                            0x08000235   Thumb Code    28  init.o(.text)
    __scatterload_rt2                        0x08000235   Thumb Code     0  init.o(.text)
    ADC1_2_IRQHandler                        0x08000259   Thumb Code    54  stm32g4xx_it.o(i.ADC1_2_IRQHandler)
    BusFault_Handler                         0x08000295   Thumb Code     4  stm32g4xx_it.o(i.BusFault_Handler)
    DebugMon_Handler                         0x08000299   Thumb Code     2  stm32g4xx_it.o(i.DebugMon_Handler)
    HardFault_Handler                        0x0800029b   Thumb Code     4  stm32g4xx_it.o(i.HardFault_Handler)
    Initialize_ADC                           0x080002a1   Thumb Code   196  main.o(i.Initialize_ADC)
    LL_ADC_CommonInit                        0x0800037d   Thumb Code    88  stm32g4xx_ll_adc.o(i.LL_ADC_CommonInit)
    LL_ADC_Init                              0x080003dd   Thumb Code    46  stm32g4xx_ll_adc.o(i.LL_ADC_Init)
    LL_ADC_REG_Init                          0x08000421   Thumb Code   102  stm32g4xx_ll_adc.o(i.LL_ADC_REG_Init)
    LL_GPIO_Init                             0x080004e1   Thumb Code   312  stm32g4xx_ll_gpio.o(i.LL_GPIO_Init)
    LL_Init1msTick                           0x08000629   Thumb Code    28  stm32g4xx_ll_utils.o(i.LL_Init1msTick)
    LL_SetSystemCoreClock                    0x08000659   Thumb Code     6  stm32g4xx_ll_utils.o(i.LL_SetSystemCoreClock)
    LL_TIM_BDTR_Init                         0x08000665   Thumb Code   166  stm32g4xx_ll_tim.o(i.LL_TIM_BDTR_Init)
    LL_TIM_Init                              0x08000729   Thumb Code   172  stm32g4xx_ll_tim.o(i.LL_TIM_Init)
    LL_TIM_OC_Init                           0x080008fd   Thumb Code   132  stm32g4xx_ll_tim.o(i.LL_TIM_OC_Init)
    MX_ADC1_Init                             0x080009b9   Thumb Code   574  adc.o(i.MX_ADC1_Init)
    MX_GPIO_Init                             0x08000c19   Thumb Code   108  gpio.o(i.MX_GPIO_Init)
    MX_TIM1_Init                             0x08000c89   Thumb Code  1118  tim.o(i.MX_TIM1_Init)
    MemManage_Handler                        0x080010ed   Thumb Code     4  stm32g4xx_it.o(i.MemManage_Handler)
    NMI_Handler                              0x080010f1   Thumb Code     2  stm32g4xx_it.o(i.NMI_Handler)
    PendSV_Handler                           0x08001495   Thumb Code     2  stm32g4xx_it.o(i.PendSV_Handler)
    SVC_Handler                              0x08001497   Thumb Code     2  stm32g4xx_it.o(i.SVC_Handler)
    SysTick_Handler                          0x08001499   Thumb Code     2  stm32g4xx_it.o(i.SysTick_Handler)
    SystemClock_Config                       0x0800149d   Thumb Code   336  main.o(i.SystemClock_Config)
    SystemInit                               0x0800160d   Thumb Code    24  system_stm32g4xx.o(i.SystemInit)
    TIM1_BRK_TIM15_IRQHandler                0x08001629   Thumb Code    64  stm32g4xx_it.o(i.TIM1_BRK_TIM15_IRQHandler)
    UsageFault_Handler                       0x0800166d   Thumb Code     4  stm32g4xx_it.o(i.UsageFault_Handler)
    __scatterload_copy                       0x08001671   Thumb Code    14  handlers.o(i.__scatterload_copy)
    __scatterload_null                       0x0800167f   Thumb Code     2  handlers.o(i.__scatterload_null)
    __scatterload_zeroinit                   0x08001681   Thumb Code    14  handlers.o(i.__scatterload_zeroinit)
    main                                     0x08001691   Thumb Code   404  main.o(i.main)
    Region$$Table$$Base                      0x08001884   Number         0  anon$$obj.o(Region$$Table)
    Region$$Table$$Limit                     0x080018a4   Number         0  anon$$obj.o(Region$$Table)
    g_gpio                                   0x20000000   Data           1  main.o(.data)
    g_gpio2                                  0x20000001   Data           1  main.o(.data)
    SystemCoreClock                          0x20000004   Data           4  system_stm32g4xx.o(.data)
    __initial_sp                             0x20000408   Data           0  startup_stm32g431xx.o(STACK)



==============================================================================

Memory Map of the image

  Image Entry point : 0x080001d9

  Load Region LR_IROM1 (Base: 0x08000000, Size: 0x000018ac, Max: 0x00020000, ABSOLUTE)

    Execution Region ER_IROM1 (Base: 0x08000000, Size: 0x000018a4, Max: 0x00020000, ABSOLUTE)

    Base Addr    Size         Type   Attr      Idx    E Section Name        Object

    0x08000000   0x000001d8   Data   RO            3    RESET               startup_stm32g431xx.o
    0x080001d8   0x00000000   Code   RO         1089  * .ARM.Collect$$$$00000000  mc_w.l(entry.o)
    0x080001d8   0x00000004   Code   RO         1094    .ARM.Collect$$$$00000001  mc_w.l(entry2.o)
    0x080001dc   0x00000004   Code   RO         1097    .ARM.Collect$$$$00000004  mc_w.l(entry5.o)
    0x080001e0   0x00000000   Code   RO         1099    .ARM.Collect$$$$00000008  mc_w.l(entry7b.o)
    0x080001e0   0x00000000   Code   RO         1101    .ARM.Collect$$$$0000000A  mc_w.l(entry8b.o)
    0x080001e0   0x00000008   Code   RO         1102    .ARM.Collect$$$$0000000B  mc_w.l(entry9a.o)
    0x080001e8   0x00000000   Code   RO         1104    .ARM.Collect$$$$0000000D  mc_w.l(entry10a.o)
    0x080001e8   0x00000000   Code   RO         1106    .ARM.Collect$$$$0000000F  mc_w.l(entry11a.o)
    0x080001e8   0x00000004   Code   RO         1095    .ARM.Collect$$$$00002712  mc_w.l(entry2.o)
    0x080001ec   0x00000024   Code   RO            4    .text               startup_stm32g431xx.o
    0x08000210   0x00000024   Code   RO         1092    .text               mc_w.l(memseta.o)
    0x08000234   0x00000024   Code   RO         1108    .text               mc_w.l(init.o)
    0x08000258   0x0000003c   Code   RO          329    i.ADC1_2_IRQHandler  stm32g4xx_it.o
    0x08000294   0x00000004   Code   RO          330    i.BusFault_Handler  stm32g4xx_it.o
    0x08000298   0x00000002   Code   RO          331    i.DebugMon_Handler  stm32g4xx_it.o
    0x0800029a   0x00000004   Code   RO          332    i.HardFault_Handler  stm32g4xx_it.o
    0x0800029e   0x00000002   PAD
    0x080002a0   0x000000dc   Code   RO           14    i.Initialize_ADC    main.o
    0x0800037c   0x00000060   Code   RO          695    i.LL_ADC_CommonInit  stm32g4xx_ll_adc.o
    0x080003dc   0x0000002e   Code   RO          701    i.LL_ADC_Init       stm32g4xx_ll_adc.o
    0x0800040a   0x0000000a   Code   RO           15    i.LL_ADC_IsEnabled  main.o
    0x08000414   0x0000000a   Code   RO          702    i.LL_ADC_IsEnabled  stm32g4xx_ll_adc.o
    0x0800041e   0x00000002   PAD
    0x08000420   0x0000006c   Code   RO          703    i.LL_ADC_REG_Init   stm32g4xx_ll_adc.o
    0x0800048c   0x0000001c   Code   RO          175    i.LL_AHB2_GRP1_EnableClock  gpio.o
    0x080004a8   0x0000001c   Code   RO          236    i.LL_AHB2_GRP1_EnableClock  adc.o
    0x080004c4   0x0000001c   Code   RO          277    i.LL_AHB2_GRP1_EnableClock  tim.o
    0x080004e0   0x00000138   Code   RO          645    i.LL_GPIO_Init      stm32g4xx_ll_gpio.o
    0x08000618   0x00000004   Code   RO           16    i.LL_GPIO_ResetOutputPin  main.o
    0x0800061c   0x00000004   Code   RO          176    i.LL_GPIO_ResetOutputPin  gpio.o
    0x08000620   0x00000004   Code   RO          333    i.LL_GPIO_ResetOutputPin  stm32g4xx_it.o
    0x08000624   0x00000004   Code   RO           17    i.LL_GPIO_SetOutputPin  main.o
    0x08000628   0x0000001c   Code   RO          437    i.LL_Init1msTick    stm32g4xx_ll_utils.o
    0x08000644   0x00000014   Code   RO           18    i.LL_RCC_SetAHBPrescaler  main.o
    0x08000658   0x0000000c   Code   RO          446    i.LL_SetSystemCoreClock  stm32g4xx_ll_utils.o
    0x08000664   0x000000b0   Code   RO          884    i.LL_TIM_BDTR_Init  stm32g4xx_ll_tim.o
    0x08000714   0x0000000a   Code   RO          334    i.LL_TIM_DisableIT_BRK  stm32g4xx_it.o
    0x0800071e   0x0000000a   Code   RO           19    i.LL_TIM_EnableIT_BRK  main.o
    0x08000728   0x000000c8   Code   RO          893    i.LL_TIM_Init       stm32g4xx_ll_tim.o
    0x080007f0   0x0000000a   Code   RO           20    i.LL_TIM_IsActiveFlag_BRK  main.o
    0x080007fa   0x0000000a   Code   RO           21    i.LL_TIM_IsEnabledIT_BRK  main.o
    0x08000804   0x0000007c   Code   RO          278    i.LL_TIM_OC_DisableFast  tim.o
    0x08000880   0x0000007c   Code   RO          279    i.LL_TIM_OC_EnablePreload  tim.o
    0x080008fc   0x00000084   Code   RO          894    i.LL_TIM_OC_Init    stm32g4xx_ll_tim.o
    0x08000980   0x00000004   Code   RO          895    i.LL_TIM_OC_SetCompareCH2  stm32g4xx_ll_tim.o
    0x08000984   0x00000034   Code   RO          280    i.LL_TIM_SetBreakInputSourcePolarity  tim.o
    0x080009b8   0x00000260   Code   RO          237    i.MX_ADC1_Init      adc.o
    0x08000c18   0x00000070   Code   RO          177    i.MX_GPIO_Init      gpio.o
    0x08000c88   0x00000464   Code   RO          281    i.MX_TIM1_Init      tim.o
    0x080010ec   0x00000004   Code   RO          335    i.MemManage_Handler  stm32g4xx_it.o
    0x080010f0   0x00000002   Code   RO          336    i.NMI_Handler       stm32g4xx_it.o
    0x080010f2   0x00000002   PAD
    0x080010f4   0x000000a4   Code   RO          898    i.OC1Config         stm32g4xx_ll_tim.o
    0x08001198   0x000000b0   Code   RO          899    i.OC2Config         stm32g4xx_ll_tim.o
    0x08001248   0x000000a4   Code   RO          900    i.OC3Config         stm32g4xx_ll_tim.o
    0x080012ec   0x000000a4   Code   RO          901    i.OC4Config         stm32g4xx_ll_tim.o
    0x08001390   0x00000084   Code   RO          902    i.OC5Config         stm32g4xx_ll_tim.o
    0x08001414   0x00000080   Code   RO          903    i.OC6Config         stm32g4xx_ll_tim.o
    0x08001494   0x00000002   Code   RO          337    i.PendSV_Handler    stm32g4xx_it.o
    0x08001496   0x00000002   Code   RO          338    i.SVC_Handler       stm32g4xx_it.o
    0x08001498   0x00000002   Code   RO          339    i.SysTick_Handler   stm32g4xx_it.o
    0x0800149a   0x00000002   PAD
    0x0800149c   0x00000170   Code   RO           22    i.SystemClock_Config  main.o
    0x0800160c   0x0000001c   Code   RO         1056    i.SystemInit        system_stm32g4xx.o
    0x08001628   0x00000044   Code   RO          340    i.TIM1_BRK_TIM15_IRQHandler  stm32g4xx_it.o
    0x0800166c   0x00000004   Code   RO          341    i.UsageFault_Handler  stm32g4xx_it.o
    0x08001670   0x0000000e   Code   RO         1112    i.__scatterload_copy  mc_w.l(handlers.o)
    0x0800167e   0x00000002   Code   RO         1113    i.__scatterload_null  mc_w.l(handlers.o)
    0x08001680   0x0000000e   Code   RO         1114    i.__scatterload_zeroinit  mc_w.l(handlers.o)
    0x0800168e   0x00000002   PAD
    0x08001690   0x000001bc   Code   RO           23    i.main              main.o
    0x0800184c   0x00000038   Data   RO          282    .constdata          tim.o
    0x08001884   0x00000020   Data   RO         1110    Region$$Table       anon$$obj.o


    Execution Region RW_IRAM1 (Base: 0x20000000, Size: 0x00000408, Max: 0x00008000, ABSOLUTE)

    Base Addr    Size         Type   Attr      Idx    E Section Name        Object

    0x20000000   0x00000002   Data   RW           25    .data               main.o
    0x20000002   0x00000002   PAD
    0x20000004   0x00000004   Data   RW         1058    .data               system_stm32g4xx.o
    0x20000008   0x00000400   Zero   RW            1    STACK               startup_stm32g431xx.o


==============================================================================

Image component sizes


      Code (inc. data)   RO Data    RW Data    ZI Data      Debug   Object Name

       636         38          0          0          0     102738   adc.o
       144          8          0          0          0      11443   gpio.o
      1100        100          0          2          0     665549   main.o
        36          8        472          0       1024        864   startup_stm32g431xx.o
       168         10          0          0          0     116698   stm32g4xx_it.o
       260         14          0          0          0      78280   stm32g4xx_ll_adc.o
       312          0          0          0          0       7551   stm32g4xx_ll_gpio.o
      1440        186          0          0          0      59526   stm32g4xx_ll_tim.o
        40          6          0          0          0       3001   stm32g4xx_ll_utils.o
        28          4          0          4          0       1219   system_stm32g4xx.o
      1452         58         56          0          0      54715   tim.o

    ----------------------------------------------------------------------
      5624        432        560          8       1024    1101584   Object Totals
         0          0         32          0          0          0   (incl. Generated)
         8          0          0          2          0          0   (incl. Padding)

    ----------------------------------------------------------------------

      Code (inc. data)   RO Data    RW Data    ZI Data      Debug   Library Member Name

         0          0          0          0          0          0   entry.o
         0          0          0          0          0          0   entry10a.o
         0          0          0          0          0          0   entry11a.o
         8          4          0          0          0          0   entry2.o
         4          0          0          0          0          0   entry5.o
         0          0          0          0          0          0   entry7b.o
         0          0          0          0          0          0   entry8b.o
         8          4          0          0          0          0   entry9a.o
        30          0          0          0          0          0   handlers.o
        36          8          0          0          0         68   init.o
        36          0          0          0          0        108   memseta.o

    ----------------------------------------------------------------------
       124         16          0          0          0        176   Library Totals
         2          0          0          0          0          0   (incl. Padding)

    ----------------------------------------------------------------------

      Code (inc. data)   RO Data    RW Data    ZI Data      Debug   Library Name

       122         16          0          0          0        176   mc_w.l

    ----------------------------------------------------------------------
       124         16          0          0          0        176   Library Totals

    ----------------------------------------------------------------------

==============================================================================


      Code (inc. data)   RO Data    RW Data    ZI Data      Debug   

      5748        448        560          8       1024    1097264   Grand Totals
      5748        448        560          8       1024    1097264   ELF Image Totals
      5748        448        560          8          0          0   ROM Totals

==============================================================================

    Total RO  Size (Code + RO Data)                 6308 (   6.16kB)
    Total RW  Size (RW Data + ZI Data)              1032 (   1.01kB)
    Total ROM Size (Code + RO Data + RW Data)       6316 (   6.17kB)

==============================================================================

