<html>
<body>
<pre>
<h1>µVision Build Log</h1>
<h2>Tool Versions:</h2>
IDE-Version: µVision V5.14.0.0
Copyright (C) 2015 ARM Ltd and ARM Germany GmbH. All rights reserved.
License Information: Caleb calebkang, ST, LIC=0VRAR-4ZFRT-6WFVJ-SXW27-ZYPSU-1LV4Y
 
Tool Versions:
Toolchain:       MDK-ARM Professional  Version: 5.14.0.0
Toolchain Path:  C:\Keil_v5\ARM\ARMCC\Bin
C Compiler:      Armcc.exe V5.05 update 1 (build 106)
Assembler:       Armasm.exe V5.05 update 1 (build 106)
Linker/Locator:  ArmLink.exe V5.05 update 1 (build 106)
Library Manager: ArmAr.exe V5.05 update 1 (build 106)
Hex Converter:   FromElf.exe V5.05 update 1 (build 106)
CPU DLL:         SARMCM3.DLL V5.14.0.0
Dialog DLL:      DCM.DLL V1.13.1.0
Target DLL:      STLink\ST-LINKIII-KEIL_SWO.dll V3.0.2.0
Dialog DLL:      TCM.DLL V1.14.4.0
 
<h2>Project:</h2>
C:\Workspace\_Projects\Samsung_HA\stm32g431_adc_multiple_trigger\MDK-ARM\stm32g431_adc_multiple_trigger.uvprojx
Project File Date:  03/09/2020

<h2>Output:</h2>
Rebuild target 'stm32g431_adc_multiple_trigger'
assembling startup_stm32g431xx.s...
compiling main.c...
compiling gpio.c...
compiling adc.c...
compiling tim.c...
compiling stm32g4xx_it.c...
compiling stm32g4xx_ll_utils.c...
compiling stm32g4xx_ll_exti.c...
compiling stm32g4xx_ll_gpio.c...
compiling stm32g4xx_ll_adc.c...
compiling stm32g4xx_ll_dma.c...
compiling stm32g4xx_ll_pwr.c...
compiling stm32g4xx_ll_tim.c...
compiling system_stm32g4xx.c...
linking...
Program Size: Code=5484 RO-data=560 RW-data=8 ZI-data=1024  
FromELF: creating hex file...
"stm32g431_adc_multiple_trigger\stm32g431_adc_multiple_trigger.axf" - 0 Error(s), 0 Warning(s).

<h2>Software Packages used:</h2>

Package Vendor: ARM
                http://www.keil.com/pack/ARM.CMSIS.4.2.0.pack
                ARM::CMSIS:CORE:3.40.0
                CMSIS (Cortex Microcontroller Software Interface Standard)
   * Component: CORE Version: 3.40.0

<h2>Collection of Component include folders:</h2>
  C:\Workspace\_Projects\Samsung_HA\stm32g431_adc_multiple_trigger\MDK-ARM\RTE
  C:\Keil_v5\ARM\PACK\ARM\CMSIS\4.2.0\CMSIS\Include
  C:\Keil_v5\ARM\PACK\Keil\STM32G4xx_DFP\1.1.3

<h2>Collection of Component Files used:</h2>

   * Component: ARM::CMSIS:CORE:3.40.0
      Source file:   CMSIS\UserCodeTemplates\ARM\ITM_Retarget.c
</pre>
</body>
</html>
